MPLINK 5.08, LINKER
Linker Map File - Created Thu Nov 05 13:54:44 2020

                                 Section Info
                  Section       Type    Address   Location Size(Bytes)
                ---------  ---------  ---------  ---------  ---------
                 RES_VECT       code   0x000000    program   0x000002
                   .cinit    romdata   0x000001    program   0x000004
                 ISR_VECT       code   0x000004    program   0x000074
                MAIN_PROG       code   0x00003e    program   0x0000e4
.config_2007_BUILD/DEFAULT/PRODUCTION/PROYECT       code   0x002007    program   0x000002
.config_2008_BUILD/DEFAULT/PRODUCTION/PROYECT       code   0x002008    program   0x000002
                  GPR_VAR      udata   0x000020       data   0x000008



                              Program Memory Usage 
                               Start         End      
                           ---------   ---------      
                            0x000000    0x000002      
                            0x000004    0x0000af      
                            0x002007    0x002008      
            177 out of 8455 program addresses used, program memory utilization is 2%



                              Symbols - Sorted by Name
                     Name    Address   Location    Storage File                     
                ---------  ---------  ---------  --------- ---------                
                  CONFIG1   0x00009e    program     static C:\Users\servi\MPLABXProjects\proyecto3.X\proyecto3.asm
                  CONFIG2   0x0000a4    program     static C:\Users\servi\MPLABXProjects\proyecto3.X\proyecto3.asm
               CONFIG_ADC   0x00008a    program     static C:\Users\servi\MPLABXProjects\proyecto3.X\proyecto3.asm
         CONFIG_INTERRUPT   0x000092    program     static C:\Users\servi\MPLABXProjects\proyecto3.X\proyecto3.asm
                CONFIG_IO   0x000078    program     static C:\Users\servi\MPLABXProjects\proyecto3.X\proyecto3.asm
               CONFIG_PWM   0x0000a7    program     static C:\Users\servi\MPLABXProjects\proyecto3.X\proyecto3.asm
              CONFIG_TMR1   0x00006f    program     static C:\Users\servi\MPLABXProjects\proyecto3.X\proyecto3.asm
                    COSO1   0x00001d    program     static C:\Users\servi\MPLABXProjects\proyecto3.X\proyecto3.asm
                    COSO2   0x000023    program     static C:\Users\servi\MPLABXProjects\proyecto3.X\proyecto3.asm
                   COSO_1   0x000016    program     static C:\Users\servi\MPLABXProjects\proyecto3.X\proyecto3.asm
                 COSO_ADC   0x00001b    program     static C:\Users\servi\MPLABXProjects\proyecto3.X\proyecto3.asm
                COSO_TMR0   0x000011    program     static C:\Users\servi\MPLABXProjects\proyecto3.X\proyecto3.asm
                  DELAY_1   0x00009c    program     static C:\Users\servi\MPLABXProjects\proyecto3.X\proyecto3.asm
                  DELAY_2   0x0000a2    program     static C:\Users\servi\MPLABXProjects\proyecto3.X\proyecto3.asm
                      ISR   0x000008    program     static C:\Users\servi\MPLABXProjects\proyecto3.X\proyecto3.asm
                     LOOP   0x000045    program     static C:\Users\servi\MPLABXProjects\proyecto3.X\proyecto3.asm
                  NIVEL_1   0x00001a    program     static C:\Users\servi\MPLABXProjects\proyecto3.X\proyecto3.asm
                  NIVEL_2   0x000018    program     static C:\Users\servi\MPLABXProjects\proyecto3.X\proyecto3.asm
                  NIVEL_3   0x000019    program     static C:\Users\servi\MPLABXProjects\proyecto3.X\proyecto3.asm
                      POP   0x00000c    program     static C:\Users\servi\MPLABXProjects\proyecto3.X\proyecto3.asm
                     PUSH   0x000004    program     static C:\Users\servi\MPLABXProjects\proyecto3.X\proyecto3.asm
                    START   0x00003e    program     static C:\Users\servi\MPLABXProjects\proyecto3.X\proyecto3.asm
                    TABLA   0x00002b    program     static C:\Users\servi\MPLABXProjects\proyecto3.X\proyecto3.asm
                 TERMINAR   0x000028    program     static C:\Users\servi\MPLABXProjects\proyecto3.X\proyecto3.asm
                 UGHHHHHH   0x00004f    program     static C:\Users\servi\MPLABXProjects\proyecto3.X\proyecto3.asm
                  BANDERA   0x000024       data     static C:\Users\servi\MPLABXProjects\proyecto3.X\proyecto3.asm
                  MOTORDC   0x000027       data     static C:\Users\servi\MPLABXProjects\proyecto3.X\proyecto3.asm
                   SERVO1   0x000025       data     static C:\Users\servi\MPLABXProjects\proyecto3.X\proyecto3.asm
                   SERVO2   0x000026       data     static C:\Users\servi\MPLABXProjects\proyecto3.X\proyecto3.asm
                 TIEMPO_1   0x000020       data     static C:\Users\servi\MPLABXProjects\proyecto3.X\proyecto3.asm
                 TIEMPO_2   0x000021       data     static C:\Users\servi\MPLABXProjects\proyecto3.X\proyecto3.asm
               VAR_STATUS   0x000023       data     static C:\Users\servi\MPLABXProjects\proyecto3.X\proyecto3.asm
                   W_TEMP   0x000022       data     static C:\Users\servi\MPLABXProjects\proyecto3.X\proyecto3.asm



                              Symbols - Sorted by Address
                     Name    Address   Location    Storage File                     
                ---------  ---------  ---------  --------- ---------                
                     PUSH   0x000004    program     static C:\Users\servi\MPLABXProjects\proyecto3.X\proyecto3.asm
                      ISR   0x000008    program     static C:\Users\servi\MPLABXProjects\proyecto3.X\proyecto3.asm
                      POP   0x00000c    program     static C:\Users\servi\MPLABXProjects\proyecto3.X\proyecto3.asm
                COSO_TMR0   0x000011    program     static C:\Users\servi\MPLABXProjects\proyecto3.X\proyecto3.asm
                   COSO_1   0x000016    program     static C:\Users\servi\MPLABXProjects\proyecto3.X\proyecto3.asm
                  NIVEL_2   0x000018    program     static C:\Users\servi\MPLABXProjects\proyecto3.X\proyecto3.asm
                  NIVEL_3   0x000019    program     static C:\Users\servi\MPLABXProjects\proyecto3.X\proyecto3.asm
                  NIVEL_1   0x00001a    program     static C:\Users\servi\MPLABXProjects\proyecto3.X\proyecto3.asm
                 COSO_ADC   0x00001b    program     static C:\Users\servi\MPLABXProjects\proyecto3.X\proyecto3.asm
                    COSO1   0x00001d    program     static C:\Users\servi\MPLABXProjects\proyecto3.X\proyecto3.asm
                    COSO2   0x000023    program     static C:\Users\servi\MPLABXProjects\proyecto3.X\proyecto3.asm
                 TERMINAR   0x000028    program     static C:\Users\servi\MPLABXProjects\proyecto3.X\proyecto3.asm
                    TABLA   0x00002b    program     static C:\Users\servi\MPLABXProjects\proyecto3.X\proyecto3.asm
                    START   0x00003e    program     static C:\Users\servi\MPLABXProjects\proyecto3.X\proyecto3.asm
                     LOOP   0x000045    program     static C:\Users\servi\MPLABXProjects\proyecto3.X\proyecto3.asm
                 UGHHHHHH   0x00004f    program     static C:\Users\servi\MPLABXProjects\proyecto3.X\proyecto3.asm
              CONFIG_TMR1   0x00006f    program     static C:\Users\servi\MPLABXProjects\proyecto3.X\proyecto3.asm
                CONFIG_IO   0x000078    program     static C:\Users\servi\MPLABXProjects\proyecto3.X\proyecto3.asm
               CONFIG_ADC   0x00008a    program     static C:\Users\servi\MPLABXProjects\proyecto3.X\proyecto3.asm
         CONFIG_INTERRUPT   0x000092    program     static C:\Users\servi\MPLABXProjects\proyecto3.X\proyecto3.asm
                  DELAY_1   0x00009c    program     static C:\Users\servi\MPLABXProjects\proyecto3.X\proyecto3.asm
                  CONFIG1   0x00009e    program     static C:\Users\servi\MPLABXProjects\proyecto3.X\proyecto3.asm
                  DELAY_2   0x0000a2    program     static C:\Users\servi\MPLABXProjects\proyecto3.X\proyecto3.asm
                  CONFIG2   0x0000a4    program     static C:\Users\servi\MPLABXProjects\proyecto3.X\proyecto3.asm
               CONFIG_PWM   0x0000a7    program     static C:\Users\servi\MPLABXProjects\proyecto3.X\proyecto3.asm
                 TIEMPO_1   0x000020       data     static C:\Users\servi\MPLABXProjects\proyecto3.X\proyecto3.asm
                 TIEMPO_2   0x000021       data     static C:\Users\servi\MPLABXProjects\proyecto3.X\proyecto3.asm
                   W_TEMP   0x000022       data     static C:\Users\servi\MPLABXProjects\proyecto3.X\proyecto3.asm
               VAR_STATUS   0x000023       data     static C:\Users\servi\MPLABXProjects\proyecto3.X\proyecto3.asm
                  BANDERA   0x000024       data     static C:\Users\servi\MPLABXProjects\proyecto3.X\proyecto3.asm
                   SERVO1   0x000025       data     static C:\Users\servi\MPLABXProjects\proyecto3.X\proyecto3.asm
                   SERVO2   0x000026       data     static C:\Users\servi\MPLABXProjects\proyecto3.X\proyecto3.asm
                  MOTORDC   0x000027       data     static C:\Users\servi\MPLABXProjects\proyecto3.X\proyecto3.asm


